Analysis & Synthesis report for segmentControl
Mon Apr 28 20:58:40 2025
Quartus Prime Version 20.1.0 Build 711 06/05/2020 SJ Lite Edition


---------------------
; Table of Contents ;
---------------------
  1. Legal Notice
  2. Analysis & Synthesis Summary
  3. Analysis & Synthesis Settings
  4. Parallel Compilation
  5. Analysis & Synthesis Source Files Read
  6. Analysis & Synthesis Resource Usage Summary
  7. Analysis & Synthesis Resource Utilization by Entity
  8. Registers Removed During Synthesis
  9. General Register Statistics
 10. Multiplexer Restructuring Statistics (Restructuring Performed)
 11. Parameter Settings for Inferred Entity Instance: decimal_to_bcd:bcd_inst|lpm_divide:Mod0
 12. Parameter Settings for Inferred Entity Instance: decimal_to_bcd:bcd_inst|lpm_divide:Div1
 13. Parameter Settings for Inferred Entity Instance: decimal_to_bcd:bcd_inst|lpm_divide:Mod1
 14. Parameter Settings for Inferred Entity Instance: decimal_to_bcd:bcd_inst|lpm_divide:Div2
 15. Parameter Settings for Inferred Entity Instance: decimal_to_bcd:bcd_inst|lpm_divide:Mod2
 16. Parameter Settings for Inferred Entity Instance: decimal_to_bcd:bcd_inst|lpm_divide:Div0
 17. Port Connectivity Checks: "clock_divider:clk_digit_divider"
 18. Port Connectivity Checks: "clock_divider:clk_segment_divider"
 19. Post-Synthesis Netlist Statistics for Top Partition
 20. Elapsed Time Per Partition
 21. Analysis & Synthesis Messages



----------------
; Legal Notice ;
----------------
Copyright (C) 2020  Intel Corporation. All rights reserved.
Your use of Intel Corporation's design tools, logic functions 
and other software and tools, and any partner logic 
functions, and any output files from any of the foregoing 
(including device programming or simulation files), and any 
associated documentation or information are expressly subject 
to the terms and conditions of the Intel Program License 
Subscription Agreement, the Intel Quartus Prime License Agreement,
the Intel FPGA IP License Agreement, or other applicable license
agreement, including, without limitation, that your use is for
the sole purpose of programming logic devices manufactured by
Intel and sold by Intel or its authorized distributors.  Please
refer to the applicable agreement for further details, at
https://fpgasoftware.intel.com/eula.



+----------------------------------------------------------------------------------+
; Analysis & Synthesis Summary                                                     ;
+------------------------------------+---------------------------------------------+
; Analysis & Synthesis Status        ; Successful - Mon Apr 28 20:58:40 2025       ;
; Quartus Prime Version              ; 20.1.0 Build 711 06/05/2020 SJ Lite Edition ;
; Revision Name                      ; segmentControl                              ;
; Top-level Entity Name              ; display_controller                          ;
; Family                             ; Cyclone IV GX                               ;
; Total logic elements               ; 993                                         ;
;     Total combinational functions  ; 992                                         ;
;     Dedicated logic registers      ; 94                                          ;
; Total registers                    ; 94                                          ;
; Total pins                         ; 14                                          ;
; Total virtual pins                 ; 0                                           ;
; Total memory bits                  ; 0                                           ;
; Embedded Multiplier 9-bit elements ; 0                                           ;
; Total GXB Receiver Channel PCS     ; 0                                           ;
; Total GXB Receiver Channel PMA     ; 0                                           ;
; Total GXB Transmitter Channel PCS  ; 0                                           ;
; Total GXB Transmitter Channel PMA  ; 0                                           ;
; Total PLLs                         ; 0                                           ;
+------------------------------------+---------------------------------------------+


+------------------------------------------------------------------------------------------------------------+
; Analysis & Synthesis Settings                                                                              ;
+------------------------------------------------------------------+--------------------+--------------------+
; Option                                                           ; Setting            ; Default Value      ;
+------------------------------------------------------------------+--------------------+--------------------+
; Top-level entity name                                            ; display_controller ; segmentControl     ;
; Family name                                                      ; Cyclone IV GX      ; Cyclone V          ;
; Use smart compilation                                            ; Off                ; Off                ;
; Enable parallel Assembler and Timing Analyzer during compilation ; On                 ; On                 ;
; Enable compact report table                                      ; Off                ; Off                ;
; Restructure Multiplexers                                         ; Auto               ; Auto               ;
; Create Debugging Nodes for IP Cores                              ; Off                ; Off                ;
; Preserve fewer node names                                        ; On                 ; On                 ;
; Intel FPGA IP Evaluation Mode                                    ; Enable             ; Enable             ;
; Verilog Version                                                  ; Verilog_2001       ; Verilog_2001       ;
; VHDL Version                                                     ; VHDL_1993          ; VHDL_1993          ;
; State Machine Processing                                         ; Auto               ; Auto               ;
; Safe State Machine                                               ; Off                ; Off                ;
; Extract Verilog State Machines                                   ; On                 ; On                 ;
; Extract VHDL State Machines                                      ; On                 ; On                 ;
; Ignore Verilog initial constructs                                ; Off                ; Off                ;
; Iteration limit for constant Verilog loops                       ; 5000               ; 5000               ;
; Iteration limit for non-constant Verilog loops                   ; 250                ; 250                ;
; Add Pass-Through Logic to Inferred RAMs                          ; On                 ; On                 ;
; Infer RAMs from Raw Logic                                        ; On                 ; On                 ;
; Parallel Synthesis                                               ; On                 ; On                 ;
; DSP Block Balancing                                              ; Auto               ; Auto               ;
; NOT Gate Push-Back                                               ; On                 ; On                 ;
; Power-Up Don't Care                                              ; On                 ; On                 ;
; Remove Redundant Logic Cells                                     ; Off                ; Off                ;
; Remove Duplicate Registers                                       ; On                 ; On                 ;
; Ignore CARRY Buffers                                             ; Off                ; Off                ;
; Ignore CASCADE Buffers                                           ; Off                ; Off                ;
; Ignore GLOBAL Buffers                                            ; Off                ; Off                ;
; Ignore ROW GLOBAL Buffers                                        ; Off                ; Off                ;
; Ignore LCELL Buffers                                             ; Off                ; Off                ;
; Ignore SOFT Buffers                                              ; On                 ; On                 ;
; Limit AHDL Integers to 32 Bits                                   ; Off                ; Off                ;
; Optimization Technique                                           ; Balanced           ; Balanced           ;
; Carry Chain Length                                               ; 70                 ; 70                 ;
; Auto Carry Chains                                                ; On                 ; On                 ;
; Auto Open-Drain Pins                                             ; On                 ; On                 ;
; Perform WYSIWYG Primitive Resynthesis                            ; Off                ; Off                ;
; Auto ROM Replacement                                             ; On                 ; On                 ;
; Auto RAM Replacement                                             ; On                 ; On                 ;
; Auto DSP Block Replacement                                       ; On                 ; On                 ;
; Auto Shift Register Replacement                                  ; Auto               ; Auto               ;
; Allow Shift Register Merging across Hierarchies                  ; Auto               ; Auto               ;
; Auto Clock Enable Replacement                                    ; On                 ; On                 ;
; Strict RAM Replacement                                           ; Off                ; Off                ;
; Allow Synchronous Control Signals                                ; On                 ; On                 ;
; Force Use of Synchronous Clear Signals                           ; Off                ; Off                ;
; Auto RAM Block Balancing                                         ; On                 ; On                 ;
; Auto RAM to Logic Cell Conversion                                ; Off                ; Off                ;
; Auto Resource Sharing                                            ; Off                ; Off                ;
; Allow Any RAM Size For Recognition                               ; Off                ; Off                ;
; Allow Any ROM Size For Recognition                               ; Off                ; Off                ;
; Allow Any Shift Register Size For Recognition                    ; Off                ; Off                ;
; Use LogicLock Constraints during Resource Balancing              ; On                 ; On                 ;
; Ignore translate_off and synthesis_off directives                ; Off                ; Off                ;
; Timing-Driven Synthesis                                          ; On                 ; On                 ;
; Report Parameter Settings                                        ; On                 ; On                 ;
; Report Source Assignments                                        ; On                 ; On                 ;
; Report Connectivity Checks                                       ; On                 ; On                 ;
; Ignore Maximum Fan-Out Assignments                               ; Off                ; Off                ;
; Synchronization Register Chain Length                            ; 2                  ; 2                  ;
; Power Optimization During Synthesis                              ; Normal compilation ; Normal compilation ;
; HDL message level                                                ; Level2             ; Level2             ;
; Suppress Register Optimization Related Messages                  ; Off                ; Off                ;
; Number of Removed Registers Reported in Synthesis Report         ; 5000               ; 5000               ;
; Number of Swept Nodes Reported in Synthesis Report               ; 5000               ; 5000               ;
; Number of Inverted Registers Reported in Synthesis Report        ; 100                ; 100                ;
; Clock MUX Protection                                             ; On                 ; On                 ;
; Auto Gated Clock Conversion                                      ; Off                ; Off                ;
; Block Design Naming                                              ; Auto               ; Auto               ;
; SDC constraint protection                                        ; Off                ; Off                ;
; Synthesis Effort                                                 ; Auto               ; Auto               ;
; Shift Register Replacement - Allow Asynchronous Clear Signal     ; On                 ; On                 ;
; Pre-Mapping Resynthesis Optimization                             ; Off                ; Off                ;
; Analysis & Synthesis Message Level                               ; Medium             ; Medium             ;
; Disable Register Merging Across Hierarchies                      ; Auto               ; Auto               ;
; Resource Aware Inference For Block RAM                           ; On                 ; On                 ;
+------------------------------------------------------------------+--------------------+--------------------+


+------------------------------------------+
; Parallel Compilation                     ;
+----------------------------+-------------+
; Processors                 ; Number      ;
+----------------------------+-------------+
; Number detected on machine ; 16          ;
; Maximum allowed            ; 10          ;
;                            ;             ;
; Average used               ; 1.00        ;
; Maximum used               ; 10          ;
;                            ;             ;
; Usage by Processor         ; % Time Used ;
;     Processor 1            ; 100.0%      ;
;     Processor 2            ;   0.1%      ;
;     Processor 3            ;   0.0%      ;
;     Processor 4            ;   0.0%      ;
;     Processor 5            ;   0.0%      ;
;     Processor 6            ;   0.0%      ;
;     Processor 7            ;   0.0%      ;
;     Processor 8            ;   0.0%      ;
;     Processors 9-10        ;   0.0%      ;
+----------------------------+-------------+


+----------------------------------------------------------------------------------------------------------------------------------------------------------------------------------------+
; Analysis & Synthesis Source Files Read                                                                                                                                                 ;
+----------------------------------+-----------------+------------------------------+------------------------------------------------------------------------------------------+---------+
; File Name with User-Entered Path ; Used in Netlist ; File Type                    ; File Name with Absolute Path                                                             ; Library ;
+----------------------------------+-----------------+------------------------------+------------------------------------------------------------------------------------------+---------+
; segmentControl.v                 ; yes             ; User Verilog HDL File        ; C:/Users/turboEd/Desktop/git/gitPlis/PLIS-PLD-/segmentControl/segmentControl.v           ;         ;
; clock_devider.v                  ; yes             ; User Verilog HDL File        ; C:/Users/turboEd/Desktop/git/gitPlis/PLIS-PLD-/segmentControl/clock_devider.v            ;         ;
; decimal_counter.v                ; yes             ; User Verilog HDL File        ; C:/Users/turboEd/Desktop/git/gitPlis/PLIS-PLD-/segmentControl/decimal_counter.v          ;         ;
; decimal_to_bcd.v                 ; yes             ; User Verilog HDL File        ; C:/Users/turboEd/Desktop/git/gitPlis/PLIS-PLD-/segmentControl/decimal_to_bcd.v           ;         ;
; display_controller.v             ; yes             ; User Verilog HDL File        ; C:/Users/turboEd/Desktop/git/gitPlis/PLIS-PLD-/segmentControl/display_controller.v       ;         ;
; lpm_divide.tdf                   ; yes             ; Megafunction                 ; c:/intelfpga_lite/20.1/quartus/libraries/megafunctions/lpm_divide.tdf                    ;         ;
; abs_divider.inc                  ; yes             ; Megafunction                 ; c:/intelfpga_lite/20.1/quartus/libraries/megafunctions/abs_divider.inc                   ;         ;
; sign_div_unsign.inc              ; yes             ; Megafunction                 ; c:/intelfpga_lite/20.1/quartus/libraries/megafunctions/sign_div_unsign.inc               ;         ;
; aglobal201.inc                   ; yes             ; Megafunction                 ; c:/intelfpga_lite/20.1/quartus/libraries/megafunctions/aglobal201.inc                    ;         ;
; db/lpm_divide_cgm.tdf            ; yes             ; Auto-Generated Megafunction  ; C:/Users/turboEd/Desktop/git/gitPlis/PLIS-PLD-/segmentControl/db/lpm_divide_cgm.tdf      ;         ;
; db/sign_div_unsign_7nh.tdf       ; yes             ; Auto-Generated Megafunction  ; C:/Users/turboEd/Desktop/git/gitPlis/PLIS-PLD-/segmentControl/db/sign_div_unsign_7nh.tdf ;         ;
; db/alt_u_div_sdf.tdf             ; yes             ; Auto-Generated Megafunction  ; C:/Users/turboEd/Desktop/git/gitPlis/PLIS-PLD-/segmentControl/db/alt_u_div_sdf.tdf       ;         ;
; db/add_sub_1tc.tdf               ; yes             ; Auto-Generated Megafunction  ; C:/Users/turboEd/Desktop/git/gitPlis/PLIS-PLD-/segmentControl/db/add_sub_1tc.tdf         ;         ;
; db/add_sub_2tc.tdf               ; yes             ; Auto-Generated Megafunction  ; C:/Users/turboEd/Desktop/git/gitPlis/PLIS-PLD-/segmentControl/db/add_sub_2tc.tdf         ;         ;
; db/lpm_divide_pmm.tdf            ; yes             ; Auto-Generated Megafunction  ; C:/Users/turboEd/Desktop/git/gitPlis/PLIS-PLD-/segmentControl/db/lpm_divide_pmm.tdf      ;         ;
; db/sign_div_unsign_nlh.tdf       ; yes             ; Auto-Generated Megafunction  ; C:/Users/turboEd/Desktop/git/gitPlis/PLIS-PLD-/segmentControl/db/sign_div_unsign_nlh.tdf ;         ;
; db/alt_u_div_saf.tdf             ; yes             ; Auto-Generated Megafunction  ; C:/Users/turboEd/Desktop/git/gitPlis/PLIS-PLD-/segmentControl/db/alt_u_div_saf.tdf       ;         ;
; db/lpm_divide_2fm.tdf            ; yes             ; Auto-Generated Megafunction  ; C:/Users/turboEd/Desktop/git/gitPlis/PLIS-PLD-/segmentControl/db/lpm_divide_2fm.tdf      ;         ;
; db/sign_div_unsign_tlh.tdf       ; yes             ; Auto-Generated Megafunction  ; C:/Users/turboEd/Desktop/git/gitPlis/PLIS-PLD-/segmentControl/db/sign_div_unsign_tlh.tdf ;         ;
; db/alt_u_div_8bf.tdf             ; yes             ; Auto-Generated Megafunction  ; C:/Users/turboEd/Desktop/git/gitPlis/PLIS-PLD-/segmentControl/db/alt_u_div_8bf.tdf       ;         ;
; db/lpm_divide_clm.tdf            ; yes             ; Auto-Generated Megafunction  ; C:/Users/turboEd/Desktop/git/gitPlis/PLIS-PLD-/segmentControl/db/lpm_divide_clm.tdf      ;         ;
; db/sign_div_unsign_akh.tdf       ; yes             ; Auto-Generated Megafunction  ; C:/Users/turboEd/Desktop/git/gitPlis/PLIS-PLD-/segmentControl/db/sign_div_unsign_akh.tdf ;         ;
; db/alt_u_div_28f.tdf             ; yes             ; Auto-Generated Megafunction  ; C:/Users/turboEd/Desktop/git/gitPlis/PLIS-PLD-/segmentControl/db/alt_u_div_28f.tdf       ;         ;
; db/lpm_divide_vem.tdf            ; yes             ; Auto-Generated Megafunction  ; C:/Users/turboEd/Desktop/git/gitPlis/PLIS-PLD-/segmentControl/db/lpm_divide_vem.tdf      ;         ;
; db/sign_div_unsign_qlh.tdf       ; yes             ; Auto-Generated Megafunction  ; C:/Users/turboEd/Desktop/git/gitPlis/PLIS-PLD-/segmentControl/db/sign_div_unsign_qlh.tdf ;         ;
; db/alt_u_div_2bf.tdf             ; yes             ; Auto-Generated Megafunction  ; C:/Users/turboEd/Desktop/git/gitPlis/PLIS-PLD-/segmentControl/db/alt_u_div_2bf.tdf       ;         ;
; db/lpm_divide_9om.tdf            ; yes             ; Auto-Generated Megafunction  ; C:/Users/turboEd/Desktop/git/gitPlis/PLIS-PLD-/segmentControl/db/lpm_divide_9om.tdf      ;         ;
+----------------------------------+-----------------+------------------------------+------------------------------------------------------------------------------------------+---------+


+----------------------------------------------------------------------+
; Analysis & Synthesis Resource Usage Summary                          ;
+--------------------------+-------------------------------------------+
; Resource                 ; Usage                                     ;
+--------------------------+-------------------------------------------+
; I/O pins                 ; 14                                        ;
;                          ;                                           ;
; DSP block 9-bit elements ; 0                                         ;
;                          ;                                           ;
; Maximum fan-out node     ; clock_divider:clk_segment_divider|clk_out ;
; Maximum fan-out          ; 46                                        ;
; Total fan-out            ; 2818                                      ;
; Average fan-out          ; 2.53                                      ;
+--------------------------+-------------------------------------------+


+---------------------------------------------------------------------------------------------------------------------------------------------------------------------------------------------------------------------------------------------------------------------------------------------------------------------------------------------------------------------+
; Analysis & Synthesis Resource Utilization by Entity                                                                                                                                                                                                                                                                                                                 ;
+-------------------------------------------+---------------------+---------------------------+-------------+--------------+---------+-----------+-----------+------+--------------+---------------------------------------------------------------------------------------------------------------------------------------------+---------------------+--------------+
; Compilation Hierarchy Node                ; Combinational ALUTs ; Dedicated Logic Registers ; Memory Bits ; DSP Elements ; DSP 9x9 ; DSP 18x18 ; DSP 36x36 ; Pins ; Virtual Pins ; Full Hierarchy Name                                                                                                                         ; Entity Name         ; Library Name ;
+-------------------------------------------+---------------------+---------------------------+-------------+--------------+---------+-----------+-----------+------+--------------+---------------------------------------------------------------------------------------------------------------------------------------------+---------------------+--------------+
; |display_controller                       ; 992 (0)             ; 94 (0)                    ; 0           ; 0            ; 0       ; 0         ; 0         ; 14   ; 0            ; |display_controller                                                                                                                         ; display_controller  ; work         ;
;    |clock_divider:clk_digit_divider|      ; 48 (48)             ; 32 (32)                   ; 0           ; 0            ; 0       ; 0         ; 0         ; 0    ; 0            ; |display_controller|clock_divider:clk_digit_divider                                                                                         ; clock_divider       ; work         ;
;    |clock_divider:clk_segment_divider|    ; 46 (46)             ; 33 (33)                   ; 0           ; 0            ; 0       ; 0         ; 0         ; 0    ; 0            ; |display_controller|clock_divider:clk_segment_divider                                                                                       ; clock_divider       ; work         ;
;    |decimal_counter:counter_inst|         ; 21 (21)             ; 16 (16)                   ; 0           ; 0            ; 0       ; 0         ; 0         ; 0    ; 0            ; |display_controller|decimal_counter:counter_inst                                                                                            ; decimal_counter     ; work         ;
;    |decimal_to_bcd:bcd_inst|              ; 857 (0)             ; 0 (0)                     ; 0           ; 0            ; 0       ; 0         ; 0         ; 0    ; 0            ; |display_controller|decimal_to_bcd:bcd_inst                                                                                                 ; decimal_to_bcd      ; work         ;
;       |lpm_divide:Div0|                   ; 185 (0)             ; 0 (0)                     ; 0           ; 0            ; 0       ; 0         ; 0         ; 0    ; 0            ; |display_controller|decimal_to_bcd:bcd_inst|lpm_divide:Div0                                                                                 ; lpm_divide          ; work         ;
;          |lpm_divide_9om:auto_generated|  ; 185 (0)             ; 0 (0)                     ; 0           ; 0            ; 0       ; 0         ; 0         ; 0    ; 0            ; |display_controller|decimal_to_bcd:bcd_inst|lpm_divide:Div0|lpm_divide_9om:auto_generated                                                   ; lpm_divide_9om      ; work         ;
;             |sign_div_unsign_7nh:divider| ; 185 (0)             ; 0 (0)                     ; 0           ; 0            ; 0       ; 0         ; 0         ; 0    ; 0            ; |display_controller|decimal_to_bcd:bcd_inst|lpm_divide:Div0|lpm_divide_9om:auto_generated|sign_div_unsign_7nh:divider                       ; sign_div_unsign_7nh ; work         ;
;                |alt_u_div_sdf:divider|    ; 185 (185)           ; 0 (0)                     ; 0           ; 0            ; 0       ; 0         ; 0         ; 0    ; 0            ; |display_controller|decimal_to_bcd:bcd_inst|lpm_divide:Div0|lpm_divide_9om:auto_generated|sign_div_unsign_7nh:divider|alt_u_div_sdf:divider ; alt_u_div_sdf       ; work         ;
;       |lpm_divide:Div1|                   ; 72 (0)              ; 0 (0)                     ; 0           ; 0            ; 0       ; 0         ; 0         ; 0    ; 0            ; |display_controller|decimal_to_bcd:bcd_inst|lpm_divide:Div1                                                                                 ; lpm_divide          ; work         ;
;          |lpm_divide_pmm:auto_generated|  ; 72 (0)              ; 0 (0)                     ; 0           ; 0            ; 0       ; 0         ; 0         ; 0    ; 0            ; |display_controller|decimal_to_bcd:bcd_inst|lpm_divide:Div1|lpm_divide_pmm:auto_generated                                                   ; lpm_divide_pmm      ; work         ;
;             |sign_div_unsign_nlh:divider| ; 72 (0)              ; 0 (0)                     ; 0           ; 0            ; 0       ; 0         ; 0         ; 0    ; 0            ; |display_controller|decimal_to_bcd:bcd_inst|lpm_divide:Div1|lpm_divide_pmm:auto_generated|sign_div_unsign_nlh:divider                       ; sign_div_unsign_nlh ; work         ;
;                |alt_u_div_saf:divider|    ; 72 (72)             ; 0 (0)                     ; 0           ; 0            ; 0       ; 0         ; 0         ; 0    ; 0            ; |display_controller|decimal_to_bcd:bcd_inst|lpm_divide:Div1|lpm_divide_pmm:auto_generated|sign_div_unsign_nlh:divider|alt_u_div_saf:divider ; alt_u_div_saf       ; work         ;
;       |lpm_divide:Div2|                   ; 43 (0)              ; 0 (0)                     ; 0           ; 0            ; 0       ; 0         ; 0         ; 0    ; 0            ; |display_controller|decimal_to_bcd:bcd_inst|lpm_divide:Div2                                                                                 ; lpm_divide          ; work         ;
;          |lpm_divide_clm:auto_generated|  ; 43 (0)              ; 0 (0)                     ; 0           ; 0            ; 0       ; 0         ; 0         ; 0    ; 0            ; |display_controller|decimal_to_bcd:bcd_inst|lpm_divide:Div2|lpm_divide_clm:auto_generated                                                   ; lpm_divide_clm      ; work         ;
;             |sign_div_unsign_akh:divider| ; 43 (0)              ; 0 (0)                     ; 0           ; 0            ; 0       ; 0         ; 0         ; 0    ; 0            ; |display_controller|decimal_to_bcd:bcd_inst|lpm_divide:Div2|lpm_divide_clm:auto_generated|sign_div_unsign_akh:divider                       ; sign_div_unsign_akh ; work         ;
;                |alt_u_div_28f:divider|    ; 43 (43)             ; 0 (0)                     ; 0           ; 0            ; 0       ; 0         ; 0         ; 0    ; 0            ; |display_controller|decimal_to_bcd:bcd_inst|lpm_divide:Div2|lpm_divide_clm:auto_generated|sign_div_unsign_akh:divider|alt_u_div_28f:divider ; alt_u_div_28f       ; work         ;
;       |lpm_divide:Mod0|                   ; 207 (0)             ; 0 (0)                     ; 0           ; 0            ; 0       ; 0         ; 0         ; 0    ; 0            ; |display_controller|decimal_to_bcd:bcd_inst|lpm_divide:Mod0                                                                                 ; lpm_divide          ; work         ;
;          |lpm_divide_cgm:auto_generated|  ; 207 (0)             ; 0 (0)                     ; 0           ; 0            ; 0       ; 0         ; 0         ; 0    ; 0            ; |display_controller|decimal_to_bcd:bcd_inst|lpm_divide:Mod0|lpm_divide_cgm:auto_generated                                                   ; lpm_divide_cgm      ; work         ;
;             |sign_div_unsign_7nh:divider| ; 207 (0)             ; 0 (0)                     ; 0           ; 0            ; 0       ; 0         ; 0         ; 0    ; 0            ; |display_controller|decimal_to_bcd:bcd_inst|lpm_divide:Mod0|lpm_divide_cgm:auto_generated|sign_div_unsign_7nh:divider                       ; sign_div_unsign_7nh ; work         ;
;                |alt_u_div_sdf:divider|    ; 207 (207)           ; 0 (0)                     ; 0           ; 0            ; 0       ; 0         ; 0         ; 0    ; 0            ; |display_controller|decimal_to_bcd:bcd_inst|lpm_divide:Mod0|lpm_divide_cgm:auto_generated|sign_div_unsign_7nh:divider|alt_u_div_sdf:divider ; alt_u_div_sdf       ; work         ;
;       |lpm_divide:Mod1|                   ; 187 (0)             ; 0 (0)                     ; 0           ; 0            ; 0       ; 0         ; 0         ; 0    ; 0            ; |display_controller|decimal_to_bcd:bcd_inst|lpm_divide:Mod1                                                                                 ; lpm_divide          ; work         ;
;          |lpm_divide_2fm:auto_generated|  ; 187 (0)             ; 0 (0)                     ; 0           ; 0            ; 0       ; 0         ; 0         ; 0    ; 0            ; |display_controller|decimal_to_bcd:bcd_inst|lpm_divide:Mod1|lpm_divide_2fm:auto_generated                                                   ; lpm_divide_2fm      ; work         ;
;             |sign_div_unsign_tlh:divider| ; 187 (0)             ; 0 (0)                     ; 0           ; 0            ; 0       ; 0         ; 0         ; 0    ; 0            ; |display_controller|decimal_to_bcd:bcd_inst|lpm_divide:Mod1|lpm_divide_2fm:auto_generated|sign_div_unsign_tlh:divider                       ; sign_div_unsign_tlh ; work         ;
;                |alt_u_div_8bf:divider|    ; 187 (187)           ; 0 (0)                     ; 0           ; 0            ; 0       ; 0         ; 0         ; 0    ; 0            ; |display_controller|decimal_to_bcd:bcd_inst|lpm_divide:Mod1|lpm_divide_2fm:auto_generated|sign_div_unsign_tlh:divider|alt_u_div_8bf:divider ; alt_u_div_8bf       ; work         ;
;       |lpm_divide:Mod2|                   ; 163 (0)             ; 0 (0)                     ; 0           ; 0            ; 0       ; 0         ; 0         ; 0    ; 0            ; |display_controller|decimal_to_bcd:bcd_inst|lpm_divide:Mod2                                                                                 ; lpm_divide          ; work         ;
;          |lpm_divide_vem:auto_generated|  ; 163 (0)             ; 0 (0)                     ; 0           ; 0            ; 0       ; 0         ; 0         ; 0    ; 0            ; |display_controller|decimal_to_bcd:bcd_inst|lpm_divide:Mod2|lpm_divide_vem:auto_generated                                                   ; lpm_divide_vem      ; work         ;
;             |sign_div_unsign_qlh:divider| ; 163 (0)             ; 0 (0)                     ; 0           ; 0            ; 0       ; 0         ; 0         ; 0    ; 0            ; |display_controller|decimal_to_bcd:bcd_inst|lpm_divide:Mod2|lpm_divide_vem:auto_generated|sign_div_unsign_qlh:divider                       ; sign_div_unsign_qlh ; work         ;
;                |alt_u_div_2bf:divider|    ; 163 (163)           ; 0 (0)                     ; 0           ; 0            ; 0       ; 0         ; 0         ; 0    ; 0            ; |display_controller|decimal_to_bcd:bcd_inst|lpm_divide:Mod2|lpm_divide_vem:auto_generated|sign_div_unsign_qlh:divider|alt_u_div_2bf:divider ; alt_u_div_2bf       ; work         ;
;    |segmentControl:segmentControl_inst|   ; 20 (20)             ; 13 (13)                   ; 0           ; 0            ; 0       ; 0         ; 0         ; 0    ; 0            ; |display_controller|segmentControl:segmentControl_inst                                                                                      ; segmentControl      ; work         ;
+-------------------------------------------+---------------------+---------------------------+-------------+--------------+---------+-----------+-----------+------+--------------+---------------------------------------------------------------------------------------------------------------------------------------------+---------------------+--------------+
Note: For table entries with two numbers listed, the numbers in parentheses indicate the number of resources of the given type used by the specific entity alone. The numbers listed outside of parentheses indicate the total resources of the given type used by the specific entity and all of its sub-entities in the hierarchy.


+------------------------------------------------------------------------------------------------------------------------+
; Registers Removed During Synthesis                                                                                     ;
+-------------------------------------------------------+----------------------------------------------------------------+
; Register name                                         ; Reason for Removal                                             ;
+-------------------------------------------------------+----------------------------------------------------------------+
; segmentControl:segmentControl_inst|segment_outputs[7] ; Stuck at VCC due to stuck port data_in                         ;
; clock_divider:clk_digit_divider|counter[0]            ; Merged with segmentControl:segmentControl_inst|scan_counter[0] ;
; Total Number of Removed Registers = 2                 ;                                                                ;
+-------------------------------------------------------+----------------------------------------------------------------+


+------------------------------------------------------+
; General Register Statistics                          ;
+----------------------------------------------+-------+
; Statistic                                    ; Value ;
+----------------------------------------------+-------+
; Total registers                              ; 94    ;
; Number of registers using Synchronous Clear  ; 16    ;
; Number of registers using Synchronous Load   ; 0     ;
; Number of registers using Asynchronous Clear ; 16    ;
; Number of registers using Asynchronous Load  ; 0     ;
; Number of registers using Clock Enable       ; 0     ;
; Number of registers using Preset             ; 0     ;
+----------------------------------------------+-------+


+---------------------------------------------------------------------------------------------------------------------------------------------------------------------------+
; Multiplexer Restructuring Statistics (Restructuring Performed)                                                                                                            ;
+--------------------+-----------+---------------+----------------------+------------------------+------------+-------------------------------------------------------------+
; Multiplexer Inputs ; Bus Width ; Baseline Area ; Area if Restructured ; Saving if Restructured ; Registered ; Example Multiplexer Output                                  ;
+--------------------+-----------+---------------+----------------------+------------------------+------------+-------------------------------------------------------------+
; 4:1                ; 4 bits    ; 8 LEs         ; 8 LEs                ; 0 LEs                  ; No         ; |display_controller|segmentControl:segmentControl_inst|Mux2 ;
+--------------------+-----------+---------------+----------------------+------------------------+------------+-------------------------------------------------------------+


+------------------------------------------------------------------------------------------+
; Parameter Settings for Inferred Entity Instance: decimal_to_bcd:bcd_inst|lpm_divide:Mod0 ;
+------------------------+----------------+------------------------------------------------+
; Parameter Name         ; Value          ; Type                                           ;
+------------------------+----------------+------------------------------------------------+
; LPM_WIDTHN             ; 16             ; Untyped                                        ;
; LPM_WIDTHD             ; 10             ; Untyped                                        ;
; LPM_NREPRESENTATION    ; UNSIGNED       ; Untyped                                        ;
; LPM_DREPRESENTATION    ; UNSIGNED       ; Untyped                                        ;
; LPM_PIPELINE           ; 0              ; Untyped                                        ;
; LPM_REMAINDERPOSITIVE  ; TRUE           ; Untyped                                        ;
; MAXIMIZE_SPEED         ; 5              ; Untyped                                        ;
; CBXI_PARAMETER         ; lpm_divide_cgm ; Untyped                                        ;
; CARRY_CHAIN            ; MANUAL         ; Untyped                                        ;
; OPTIMIZE_FOR_SPEED     ; 5              ; Untyped                                        ;
; AUTO_CARRY_CHAINS      ; ON             ; AUTO_CARRY                                     ;
; IGNORE_CARRY_BUFFERS   ; OFF            ; IGNORE_CARRY                                   ;
; AUTO_CASCADE_CHAINS    ; ON             ; AUTO_CASCADE                                   ;
; IGNORE_CASCADE_BUFFERS ; OFF            ; IGNORE_CASCADE                                 ;
+------------------------+----------------+------------------------------------------------+
Note: In order to hide this table in the UI and the text report file, please set the "Show Parameter Settings in Synthesis Report" option in "Analysis and Synthesis Settings -> More Settings" to "Off".


+------------------------------------------------------------------------------------------+
; Parameter Settings for Inferred Entity Instance: decimal_to_bcd:bcd_inst|lpm_divide:Div1 ;
+------------------------+----------------+------------------------------------------------+
; Parameter Name         ; Value          ; Type                                           ;
+------------------------+----------------+------------------------------------------------+
; LPM_WIDTHN             ; 10             ; Untyped                                        ;
; LPM_WIDTHD             ; 7              ; Untyped                                        ;
; LPM_NREPRESENTATION    ; UNSIGNED       ; Untyped                                        ;
; LPM_DREPRESENTATION    ; UNSIGNED       ; Untyped                                        ;
; LPM_PIPELINE           ; 0              ; Untyped                                        ;
; LPM_REMAINDERPOSITIVE  ; TRUE           ; Untyped                                        ;
; MAXIMIZE_SPEED         ; 5              ; Untyped                                        ;
; CBXI_PARAMETER         ; lpm_divide_pmm ; Untyped                                        ;
; CARRY_CHAIN            ; MANUAL         ; Untyped                                        ;
; OPTIMIZE_FOR_SPEED     ; 5              ; Untyped                                        ;
; AUTO_CARRY_CHAINS      ; ON             ; AUTO_CARRY                                     ;
; IGNORE_CARRY_BUFFERS   ; OFF            ; IGNORE_CARRY                                   ;
; AUTO_CASCADE_CHAINS    ; ON             ; AUTO_CASCADE                                   ;
; IGNORE_CASCADE_BUFFERS ; OFF            ; IGNORE_CASCADE                                 ;
+------------------------+----------------+------------------------------------------------+
Note: In order to hide this table in the UI and the text report file, please set the "Show Parameter Settings in Synthesis Report" option in "Analysis and Synthesis Settings -> More Settings" to "Off".


+------------------------------------------------------------------------------------------+
; Parameter Settings for Inferred Entity Instance: decimal_to_bcd:bcd_inst|lpm_divide:Mod1 ;
+------------------------+----------------+------------------------------------------------+
; Parameter Name         ; Value          ; Type                                           ;
+------------------------+----------------+------------------------------------------------+
; LPM_WIDTHN             ; 16             ; Untyped                                        ;
; LPM_WIDTHD             ; 7              ; Untyped                                        ;
; LPM_NREPRESENTATION    ; UNSIGNED       ; Untyped                                        ;
; LPM_DREPRESENTATION    ; UNSIGNED       ; Untyped                                        ;
; LPM_PIPELINE           ; 0              ; Untyped                                        ;
; LPM_REMAINDERPOSITIVE  ; TRUE           ; Untyped                                        ;
; MAXIMIZE_SPEED         ; 5              ; Untyped                                        ;
; CBXI_PARAMETER         ; lpm_divide_2fm ; Untyped                                        ;
; CARRY_CHAIN            ; MANUAL         ; Untyped                                        ;
; OPTIMIZE_FOR_SPEED     ; 5              ; Untyped                                        ;
; AUTO_CARRY_CHAINS      ; ON             ; AUTO_CARRY                                     ;
; IGNORE_CARRY_BUFFERS   ; OFF            ; IGNORE_CARRY                                   ;
; AUTO_CASCADE_CHAINS    ; ON             ; AUTO_CASCADE                                   ;
; IGNORE_CASCADE_BUFFERS ; OFF            ; IGNORE_CASCADE                                 ;
+------------------------+----------------+------------------------------------------------+
Note: In order to hide this table in the UI and the text report file, please set the "Show Parameter Settings in Synthesis Report" option in "Analysis and Synthesis Settings -> More Settings" to "Off".


+------------------------------------------------------------------------------------------+
; Parameter Settings for Inferred Entity Instance: decimal_to_bcd:bcd_inst|lpm_divide:Div2 ;
+------------------------+----------------+------------------------------------------------+
; Parameter Name         ; Value          ; Type                                           ;
+------------------------+----------------+------------------------------------------------+
; LPM_WIDTHN             ; 7              ; Untyped                                        ;
; LPM_WIDTHD             ; 4              ; Untyped                                        ;
; LPM_NREPRESENTATION    ; UNSIGNED       ; Untyped                                        ;
; LPM_DREPRESENTATION    ; UNSIGNED       ; Untyped                                        ;
; LPM_PIPELINE           ; 0              ; Untyped                                        ;
; LPM_REMAINDERPOSITIVE  ; TRUE           ; Untyped                                        ;
; MAXIMIZE_SPEED         ; 5              ; Untyped                                        ;
; CBXI_PARAMETER         ; lpm_divide_clm ; Untyped                                        ;
; CARRY_CHAIN            ; MANUAL         ; Untyped                                        ;
; OPTIMIZE_FOR_SPEED     ; 5              ; Untyped                                        ;
; AUTO_CARRY_CHAINS      ; ON             ; AUTO_CARRY                                     ;
; IGNORE_CARRY_BUFFERS   ; OFF            ; IGNORE_CARRY                                   ;
; AUTO_CASCADE_CHAINS    ; ON             ; AUTO_CASCADE                                   ;
; IGNORE_CASCADE_BUFFERS ; OFF            ; IGNORE_CASCADE                                 ;
+------------------------+----------------+------------------------------------------------+
Note: In order to hide this table in the UI and the text report file, please set the "Show Parameter Settings in Synthesis Report" option in "Analysis and Synthesis Settings -> More Settings" to "Off".


+------------------------------------------------------------------------------------------+
; Parameter Settings for Inferred Entity Instance: decimal_to_bcd:bcd_inst|lpm_divide:Mod2 ;
+------------------------+----------------+------------------------------------------------+
; Parameter Name         ; Value          ; Type                                           ;
+------------------------+----------------+------------------------------------------------+
; LPM_WIDTHN             ; 16             ; Untyped                                        ;
; LPM_WIDTHD             ; 4              ; Untyped                                        ;
; LPM_NREPRESENTATION    ; UNSIGNED       ; Untyped                                        ;
; LPM_DREPRESENTATION    ; UNSIGNED       ; Untyped                                        ;
; LPM_PIPELINE           ; 0              ; Untyped                                        ;
; LPM_REMAINDERPOSITIVE  ; TRUE           ; Untyped                                        ;
; MAXIMIZE_SPEED         ; 5              ; Untyped                                        ;
; CBXI_PARAMETER         ; lpm_divide_vem ; Untyped                                        ;
; CARRY_CHAIN            ; MANUAL         ; Untyped                                        ;
; OPTIMIZE_FOR_SPEED     ; 5              ; Untyped                                        ;
; AUTO_CARRY_CHAINS      ; ON             ; AUTO_CARRY                                     ;
; IGNORE_CARRY_BUFFERS   ; OFF            ; IGNORE_CARRY                                   ;
; AUTO_CASCADE_CHAINS    ; ON             ; AUTO_CASCADE                                   ;
; IGNORE_CASCADE_BUFFERS ; OFF            ; IGNORE_CASCADE                                 ;
+------------------------+----------------+------------------------------------------------+
Note: In order to hide this table in the UI and the text report file, please set the "Show Parameter Settings in Synthesis Report" option in "Analysis and Synthesis Settings -> More Settings" to "Off".


+------------------------------------------------------------------------------------------+
; Parameter Settings for Inferred Entity Instance: decimal_to_bcd:bcd_inst|lpm_divide:Div0 ;
+------------------------+----------------+------------------------------------------------+
; Parameter Name         ; Value          ; Type                                           ;
+------------------------+----------------+------------------------------------------------+
; LPM_WIDTHN             ; 16             ; Untyped                                        ;
; LPM_WIDTHD             ; 10             ; Untyped                                        ;
; LPM_NREPRESENTATION    ; UNSIGNED       ; Untyped                                        ;
; LPM_DREPRESENTATION    ; UNSIGNED       ; Untyped                                        ;
; LPM_PIPELINE           ; 0              ; Untyped                                        ;
; LPM_REMAINDERPOSITIVE  ; TRUE           ; Untyped                                        ;
; MAXIMIZE_SPEED         ; 5              ; Untyped                                        ;
; CBXI_PARAMETER         ; lpm_divide_9om ; Untyped                                        ;
; CARRY_CHAIN            ; MANUAL         ; Untyped                                        ;
; OPTIMIZE_FOR_SPEED     ; 5              ; Untyped                                        ;
; AUTO_CARRY_CHAINS      ; ON             ; AUTO_CARRY                                     ;
; IGNORE_CARRY_BUFFERS   ; OFF            ; IGNORE_CARRY                                   ;
; AUTO_CASCADE_CHAINS    ; ON             ; AUTO_CASCADE                                   ;
; IGNORE_CASCADE_BUFFERS ; OFF            ; IGNORE_CASCADE                                 ;
+------------------------+----------------+------------------------------------------------+
Note: In order to hide this table in the UI and the text report file, please set the "Show Parameter Settings in Synthesis Report" option in "Analysis and Synthesis Settings -> More Settings" to "Off".


+-------------------------------------------------------------+
; Port Connectivity Checks: "clock_divider:clk_digit_divider" ;
+-------------------+-------+----------+----------------------+
; Port              ; Type  ; Severity ; Details              ;
+-------------------+-------+----------+----------------------+
; divide_by[16..15] ; Input ; Info     ; Stuck at VCC         ;
; divide_by[10..9]  ; Input ; Info     ; Stuck at VCC         ;
; divide_by[31..17] ; Input ; Info     ; Stuck at GND         ;
; divide_by[14..11] ; Input ; Info     ; Stuck at GND         ;
; divide_by[4..0]   ; Input ; Info     ; Stuck at GND         ;
; divide_by[8]      ; Input ; Info     ; Stuck at GND         ;
; divide_by[7]      ; Input ; Info     ; Stuck at VCC         ;
; divide_by[6]      ; Input ; Info     ; Stuck at GND         ;
; divide_by[5]      ; Input ; Info     ; Stuck at VCC         ;
+-------------------+-------+----------+----------------------+


+---------------------------------------------------------------+
; Port Connectivity Checks: "clock_divider:clk_segment_divider" ;
+------------------+-------+----------+-------------------------+
; Port             ; Type  ; Severity ; Details                 ;
+------------------+-------+----------+-------------------------+
; divide_by[6..5]  ; Input ; Info     ; Stuck at VCC            ;
; divide_by[31..7] ; Input ; Info     ; Stuck at GND            ;
; divide_by[4..3]  ; Input ; Info     ; Stuck at GND            ;
; divide_by[1..0]  ; Input ; Info     ; Stuck at GND            ;
; divide_by[2]     ; Input ; Info     ; Stuck at VCC            ;
+------------------+-------+----------+-------------------------+


+-----------------------------------------------------+
; Post-Synthesis Netlist Statistics for Top Partition ;
+-----------------------+-----------------------------+
; Type                  ; Count                       ;
+-----------------------+-----------------------------+
; boundary_port         ; 14                          ;
; cycloneiii_ff         ; 94                          ;
;     CLR SCLR          ; 16                          ;
;     plain             ; 78                          ;
; cycloneiii_lcell_comb ; 993                         ;
;     arith             ; 334                         ;
;         2 data inputs ; 97                          ;
;         3 data inputs ; 237                         ;
;     normal            ; 659                         ;
;         0 data inputs ; 46                          ;
;         1 data inputs ; 4                           ;
;         2 data inputs ; 379                         ;
;         3 data inputs ; 14                          ;
;         4 data inputs ; 216                         ;
;                       ;                             ;
; Max LUT depth         ; 37.40                       ;
; Average LUT depth     ; 25.02                       ;
+-----------------------+-----------------------------+


+-------------------------------+
; Elapsed Time Per Partition    ;
+----------------+--------------+
; Partition Name ; Elapsed Time ;
+----------------+--------------+
; Top            ; 00:00:00     ;
+----------------+--------------+


+-------------------------------+
; Analysis & Synthesis Messages ;
+-------------------------------+
Info: *******************************************************************
Info: Running Quartus Prime Analysis & Synthesis
    Info: Version 20.1.0 Build 711 06/05/2020 SJ Lite Edition
    Info: Processing started: Mon Apr 28 20:58:33 2025
Info: Command: quartus_map --read_settings_files=on --write_settings_files=off segmentControl -c segmentControl
Warning (18236): Number of processors has not been specified which may cause overloading on shared machines.  Set the global assignment NUM_PARALLEL_PROCESSORS in your QSF to an appropriate value for best performance.
Info (20030): Parallel compilation is enabled and will use 10 of the 10 processors detected
Info (12021): Found 1 design units, including 1 entities, in source file segmentcontrol.v
    Info (12023): Found entity 1: segmentControl File: C:/Users/turboEd/Desktop/git/gitPlis/PLIS-PLD-/segmentControl/segmentControl.v Line: 3
Info (12021): Found 1 design units, including 1 entities, in source file clock_devider.v
    Info (12023): Found entity 1: clock_divider File: C:/Users/turboEd/Desktop/git/gitPlis/PLIS-PLD-/segmentControl/clock_devider.v Line: 1
Info (12021): Found 1 design units, including 1 entities, in source file decimal_counter.v
    Info (12023): Found entity 1: decimal_counter File: C:/Users/turboEd/Desktop/git/gitPlis/PLIS-PLD-/segmentControl/decimal_counter.v Line: 1
Info (12021): Found 1 design units, including 1 entities, in source file decimal_to_bcd.v
    Info (12023): Found entity 1: decimal_to_bcd File: C:/Users/turboEd/Desktop/git/gitPlis/PLIS-PLD-/segmentControl/decimal_to_bcd.v Line: 1
Info (12021): Found 1 design units, including 1 entities, in source file display_controller.v
    Info (12023): Found entity 1: display_controller File: C:/Users/turboEd/Desktop/git/gitPlis/PLIS-PLD-/segmentControl/display_controller.v Line: 3
Info (12127): Elaborating entity "display_controller" for the top level hierarchy
Info (12128): Elaborating entity "clock_divider" for hierarchy "clock_divider:clk_segment_divider" File: C:/Users/turboEd/Desktop/git/gitPlis/PLIS-PLD-/segmentControl/display_controller.v Line: 19
Info (12128): Elaborating entity "decimal_counter" for hierarchy "decimal_counter:counter_inst" File: C:/Users/turboEd/Desktop/git/gitPlis/PLIS-PLD-/segmentControl/display_controller.v Line: 33
Warning (10230): Verilog HDL assignment warning at decimal_counter.v(17): truncated value with size 32 to match size of target (16) File: C:/Users/turboEd/Desktop/git/gitPlis/PLIS-PLD-/segmentControl/decimal_counter.v Line: 17
Info (12128): Elaborating entity "decimal_to_bcd" for hierarchy "decimal_to_bcd:bcd_inst" File: C:/Users/turboEd/Desktop/git/gitPlis/PLIS-PLD-/segmentControl/display_controller.v Line: 42
Warning (10230): Verilog HDL assignment warning at decimal_to_bcd.v(10): truncated value with size 32 to match size of target (4) File: C:/Users/turboEd/Desktop/git/gitPlis/PLIS-PLD-/segmentControl/decimal_to_bcd.v Line: 10
Warning (10230): Verilog HDL assignment warning at decimal_to_bcd.v(11): truncated value with size 32 to match size of target (4) File: C:/Users/turboEd/Desktop/git/gitPlis/PLIS-PLD-/segmentControl/decimal_to_bcd.v Line: 11
Warning (10230): Verilog HDL assignment warning at decimal_to_bcd.v(12): truncated value with size 32 to match size of target (4) File: C:/Users/turboEd/Desktop/git/gitPlis/PLIS-PLD-/segmentControl/decimal_to_bcd.v Line: 12
Warning (10230): Verilog HDL assignment warning at decimal_to_bcd.v(13): truncated value with size 32 to match size of target (4) File: C:/Users/turboEd/Desktop/git/gitPlis/PLIS-PLD-/segmentControl/decimal_to_bcd.v Line: 13
Info (12128): Elaborating entity "segmentControl" for hierarchy "segmentControl:segmentControl_inst" File: C:/Users/turboEd/Desktop/git/gitPlis/PLIS-PLD-/segmentControl/display_controller.v Line: 50
Info (278001): Inferred 6 megafunctions from design logic
    Info (278004): Inferred divider/modulo megafunction ("lpm_divide") from the following logic: "decimal_to_bcd:bcd_inst|Mod0" File: C:/Users/turboEd/Desktop/git/gitPlis/PLIS-PLD-/segmentControl/decimal_to_bcd.v Line: 11
    Info (278004): Inferred divider/modulo megafunction ("lpm_divide") from the following logic: "decimal_to_bcd:bcd_inst|Div1" File: C:/Users/turboEd/Desktop/git/gitPlis/PLIS-PLD-/segmentControl/decimal_to_bcd.v Line: 11
    Info (278004): Inferred divider/modulo megafunction ("lpm_divide") from the following logic: "decimal_to_bcd:bcd_inst|Mod1" File: C:/Users/turboEd/Desktop/git/gitPlis/PLIS-PLD-/segmentControl/decimal_to_bcd.v Line: 12
    Info (278004): Inferred divider/modulo megafunction ("lpm_divide") from the following logic: "decimal_to_bcd:bcd_inst|Div2" File: C:/Users/turboEd/Desktop/git/gitPlis/PLIS-PLD-/segmentControl/decimal_to_bcd.v Line: 12
    Info (278004): Inferred divider/modulo megafunction ("lpm_divide") from the following logic: "decimal_to_bcd:bcd_inst|Mod2" File: C:/Users/turboEd/Desktop/git/gitPlis/PLIS-PLD-/segmentControl/decimal_to_bcd.v Line: 13
    Info (278004): Inferred divider/modulo megafunction ("lpm_divide") from the following logic: "decimal_to_bcd:bcd_inst|Div0" File: C:/Users/turboEd/Desktop/git/gitPlis/PLIS-PLD-/segmentControl/decimal_to_bcd.v Line: 10
Info (12130): Elaborated megafunction instantiation "decimal_to_bcd:bcd_inst|lpm_divide:Mod0" File: C:/Users/turboEd/Desktop/git/gitPlis/PLIS-PLD-/segmentControl/decimal_to_bcd.v Line: 11
Info (12133): Instantiated megafunction "decimal_to_bcd:bcd_inst|lpm_divide:Mod0" with the following parameter: File: C:/Users/turboEd/Desktop/git/gitPlis/PLIS-PLD-/segmentControl/decimal_to_bcd.v Line: 11
    Info (12134): Parameter "LPM_WIDTHN" = "16"
    Info (12134): Parameter "LPM_WIDTHD" = "10"
    Info (12134): Parameter "LPM_NREPRESENTATION" = "UNSIGNED"
    Info (12134): Parameter "LPM_DREPRESENTATION" = "UNSIGNED"
Info (12021): Found 1 design units, including 1 entities, in source file db/lpm_divide_cgm.tdf
    Info (12023): Found entity 1: lpm_divide_cgm File: C:/Users/turboEd/Desktop/git/gitPlis/PLIS-PLD-/segmentControl/db/lpm_divide_cgm.tdf Line: 25
Info (12021): Found 1 design units, including 1 entities, in source file db/sign_div_unsign_7nh.tdf
    Info (12023): Found entity 1: sign_div_unsign_7nh File: C:/Users/turboEd/Desktop/git/gitPlis/PLIS-PLD-/segmentControl/db/sign_div_unsign_7nh.tdf Line: 25
Info (12021): Found 1 design units, including 1 entities, in source file db/alt_u_div_sdf.tdf
    Info (12023): Found entity 1: alt_u_div_sdf File: C:/Users/turboEd/Desktop/git/gitPlis/PLIS-PLD-/segmentControl/db/alt_u_div_sdf.tdf Line: 27
Info (12021): Found 1 design units, including 1 entities, in source file db/add_sub_1tc.tdf
    Info (12023): Found entity 1: add_sub_1tc File: C:/Users/turboEd/Desktop/git/gitPlis/PLIS-PLD-/segmentControl/db/add_sub_1tc.tdf Line: 23
Info (12021): Found 1 design units, including 1 entities, in source file db/add_sub_2tc.tdf
    Info (12023): Found entity 1: add_sub_2tc File: C:/Users/turboEd/Desktop/git/gitPlis/PLIS-PLD-/segmentControl/db/add_sub_2tc.tdf Line: 23
Info (12130): Elaborated megafunction instantiation "decimal_to_bcd:bcd_inst|lpm_divide:Div1" File: C:/Users/turboEd/Desktop/git/gitPlis/PLIS-PLD-/segmentControl/decimal_to_bcd.v Line: 11
Info (12133): Instantiated megafunction "decimal_to_bcd:bcd_inst|lpm_divide:Div1" with the following parameter: File: C:/Users/turboEd/Desktop/git/gitPlis/PLIS-PLD-/segmentControl/decimal_to_bcd.v Line: 11
    Info (12134): Parameter "LPM_WIDTHN" = "10"
    Info (12134): Parameter "LPM_WIDTHD" = "7"
    Info (12134): Parameter "LPM_NREPRESENTATION" = "UNSIGNED"
    Info (12134): Parameter "LPM_DREPRESENTATION" = "UNSIGNED"
Info (12021): Found 1 design units, including 1 entities, in source file db/lpm_divide_pmm.tdf
    Info (12023): Found entity 1: lpm_divide_pmm File: C:/Users/turboEd/Desktop/git/gitPlis/PLIS-PLD-/segmentControl/db/lpm_divide_pmm.tdf Line: 25
Info (12021): Found 1 design units, including 1 entities, in source file db/sign_div_unsign_nlh.tdf
    Info (12023): Found entity 1: sign_div_unsign_nlh File: C:/Users/turboEd/Desktop/git/gitPlis/PLIS-PLD-/segmentControl/db/sign_div_unsign_nlh.tdf Line: 25
Info (12021): Found 1 design units, including 1 entities, in source file db/alt_u_div_saf.tdf
    Info (12023): Found entity 1: alt_u_div_saf File: C:/Users/turboEd/Desktop/git/gitPlis/PLIS-PLD-/segmentControl/db/alt_u_div_saf.tdf Line: 27
Info (12130): Elaborated megafunction instantiation "decimal_to_bcd:bcd_inst|lpm_divide:Mod1" File: C:/Users/turboEd/Desktop/git/gitPlis/PLIS-PLD-/segmentControl/decimal_to_bcd.v Line: 12
Info (12133): Instantiated megafunction "decimal_to_bcd:bcd_inst|lpm_divide:Mod1" with the following parameter: File: C:/Users/turboEd/Desktop/git/gitPlis/PLIS-PLD-/segmentControl/decimal_to_bcd.v Line: 12
    Info (12134): Parameter "LPM_WIDTHN" = "16"
    Info (12134): Parameter "LPM_WIDTHD" = "7"
    Info (12134): Parameter "LPM_NREPRESENTATION" = "UNSIGNED"
    Info (12134): Parameter "LPM_DREPRESENTATION" = "UNSIGNED"
Info (12021): Found 1 design units, including 1 entities, in source file db/lpm_divide_2fm.tdf
    Info (12023): Found entity 1: lpm_divide_2fm File: C:/Users/turboEd/Desktop/git/gitPlis/PLIS-PLD-/segmentControl/db/lpm_divide_2fm.tdf Line: 25
Info (12021): Found 1 design units, including 1 entities, in source file db/sign_div_unsign_tlh.tdf
    Info (12023): Found entity 1: sign_div_unsign_tlh File: C:/Users/turboEd/Desktop/git/gitPlis/PLIS-PLD-/segmentControl/db/sign_div_unsign_tlh.tdf Line: 25
Info (12021): Found 1 design units, including 1 entities, in source file db/alt_u_div_8bf.tdf
    Info (12023): Found entity 1: alt_u_div_8bf File: C:/Users/turboEd/Desktop/git/gitPlis/PLIS-PLD-/segmentControl/db/alt_u_div_8bf.tdf Line: 27
Info (12130): Elaborated megafunction instantiation "decimal_to_bcd:bcd_inst|lpm_divide:Div2" File: C:/Users/turboEd/Desktop/git/gitPlis/PLIS-PLD-/segmentControl/decimal_to_bcd.v Line: 12
Info (12133): Instantiated megafunction "decimal_to_bcd:bcd_inst|lpm_divide:Div2" with the following parameter: File: C:/Users/turboEd/Desktop/git/gitPlis/PLIS-PLD-/segmentControl/decimal_to_bcd.v Line: 12
    Info (12134): Parameter "LPM_WIDTHN" = "7"
    Info (12134): Parameter "LPM_WIDTHD" = "4"
    Info (12134): Parameter "LPM_NREPRESENTATION" = "UNSIGNED"
    Info (12134): Parameter "LPM_DREPRESENTATION" = "UNSIGNED"
Info (12021): Found 1 design units, including 1 entities, in source file db/lpm_divide_clm.tdf
    Info (12023): Found entity 1: lpm_divide_clm File: C:/Users/turboEd/Desktop/git/gitPlis/PLIS-PLD-/segmentControl/db/lpm_divide_clm.tdf Line: 25
Info (12021): Found 1 design units, including 1 entities, in source file db/sign_div_unsign_akh.tdf
    Info (12023): Found entity 1: sign_div_unsign_akh File: C:/Users/turboEd/Desktop/git/gitPlis/PLIS-PLD-/segmentControl/db/sign_div_unsign_akh.tdf Line: 25
Info (12021): Found 1 design units, including 1 entities, in source file db/alt_u_div_28f.tdf
    Info (12023): Found entity 1: alt_u_div_28f File: C:/Users/turboEd/Desktop/git/gitPlis/PLIS-PLD-/segmentControl/db/alt_u_div_28f.tdf Line: 27
Info (12130): Elaborated megafunction instantiation "decimal_to_bcd:bcd_inst|lpm_divide:Mod2" File: C:/Users/turboEd/Desktop/git/gitPlis/PLIS-PLD-/segmentControl/decimal_to_bcd.v Line: 13
Info (12133): Instantiated megafunction "decimal_to_bcd:bcd_inst|lpm_divide:Mod2" with the following parameter: File: C:/Users/turboEd/Desktop/git/gitPlis/PLIS-PLD-/segmentControl/decimal_to_bcd.v Line: 13
    Info (12134): Parameter "LPM_WIDTHN" = "16"
    Info (12134): Parameter "LPM_WIDTHD" = "4"
    Info (12134): Parameter "LPM_NREPRESENTATION" = "UNSIGNED"
    Info (12134): Parameter "LPM_DREPRESENTATION" = "UNSIGNED"
Info (12021): Found 1 design units, including 1 entities, in source file db/lpm_divide_vem.tdf
    Info (12023): Found entity 1: lpm_divide_vem File: C:/Users/turboEd/Desktop/git/gitPlis/PLIS-PLD-/segmentControl/db/lpm_divide_vem.tdf Line: 25
Info (12021): Found 1 design units, including 1 entities, in source file db/sign_div_unsign_qlh.tdf
    Info (12023): Found entity 1: sign_div_unsign_qlh File: C:/Users/turboEd/Desktop/git/gitPlis/PLIS-PLD-/segmentControl/db/sign_div_unsign_qlh.tdf Line: 25
Info (12021): Found 1 design units, including 1 entities, in source file db/alt_u_div_2bf.tdf
    Info (12023): Found entity 1: alt_u_div_2bf File: C:/Users/turboEd/Desktop/git/gitPlis/PLIS-PLD-/segmentControl/db/alt_u_div_2bf.tdf Line: 27
Info (12130): Elaborated megafunction instantiation "decimal_to_bcd:bcd_inst|lpm_divide:Div0" File: C:/Users/turboEd/Desktop/git/gitPlis/PLIS-PLD-/segmentControl/decimal_to_bcd.v Line: 10
Info (12133): Instantiated megafunction "decimal_to_bcd:bcd_inst|lpm_divide:Div0" with the following parameter: File: C:/Users/turboEd/Desktop/git/gitPlis/PLIS-PLD-/segmentControl/decimal_to_bcd.v Line: 10
    Info (12134): Parameter "LPM_WIDTHN" = "16"
    Info (12134): Parameter "LPM_WIDTHD" = "10"
    Info (12134): Parameter "LPM_NREPRESENTATION" = "UNSIGNED"
    Info (12134): Parameter "LPM_DREPRESENTATION" = "UNSIGNED"
Info (12021): Found 1 design units, including 1 entities, in source file db/lpm_divide_9om.tdf
    Info (12023): Found entity 1: lpm_divide_9om File: C:/Users/turboEd/Desktop/git/gitPlis/PLIS-PLD-/segmentControl/db/lpm_divide_9om.tdf Line: 25
Warning (13024): Output pins are stuck at VCC or GND
    Warning (13410): Pin "segment_outputs[7]" is stuck at VCC File: C:/Users/turboEd/Desktop/git/gitPlis/PLIS-PLD-/segmentControl/display_controller.v Line: 6
Info (286030): Timing-Driven Synthesis is running
Info (16010): Generating hard_block partition "hard_block:auto_generated_inst"
    Info (16011): Adding 0 node(s), including 0 DDIO, 0 PLL, 0 transceiver and 0 LCELL
Info (21057): Implemented 1008 device resources after synthesis - the final resource count might be different
    Info (21058): Implemented 2 input pins
    Info (21059): Implemented 12 output pins
    Info (21061): Implemented 994 logic cells
Info: Quartus Prime Analysis & Synthesis was successful. 0 errors, 8 warnings
    Info: Peak virtual memory: 4928 megabytes
    Info: Processing ended: Mon Apr 28 20:58:40 2025
    Info: Elapsed time: 00:00:07
    Info: Total CPU time (on all processors): 00:00:14


